
> property-dealing-site@0.1.0 build
> next build

   Γû▓ Next.js 15.5.19
   - Environments: .env.local

   Creating an optimized production build ...
 Γ£ô Compiled successfully in 4.1s
   Linting and checking validity of types ...
   Collecting page data ...
node.exe : (node:19152) [DEP0040] DeprecationWarning: The `punycode` module is 
deprecated. Please use a userland alternative instead.
At C:\Program Files\nodejs\npm.ps1:29 char:3
+   & $NODE_EXE $NPM_CLI_JS $args
+   ~~~~~~~~~~~~~~~~~~~~~~~~~~~~~
    + CategoryInfo          : NotSpecified: ((node:19152) [D...native instead. 
   :String) [], RemoteException
    + FullyQualifiedErrorId : NativeCommandError
 
(Use `node --trace-deprecation ...` to show where the warning was created)
   Generating static pages (0/9) ...
   Generating static pages (2/9) 
   Generating static pages (4/9) 
   Generating static pages (6/9) 
(node:21560) Warning: SECURITY WARNING: The SSL modes 'prefer', 'require', and 
'verify-ca' are treated as aliases for 'verify-full'.
In the next major version (pg-connection-string v3.0.0 and pg v9.0.0), these 
modes will adopt standard libpq semantics, which have weaker security 
guarantees.

To prepare for this change:
- If you want the current behavior, explicitly use 'sslmode=verify-full'
- If you want libpq compatibility now, use 
'uselibpqcompat=true&sslmode=require'

See https://www.postgresql.org/docs/current/libpq-ssl.html for libpq SSL mode 
definitions.
(Use `node --trace-warnings ...` to show where the warning was created)
 Γ£ô Generating static pages (9/9)
(node:21560) [DEP0040] DeprecationWarning: The `punycode` module is 
deprecated. Please use a userland alternative instead.
   Finalizing page optimization ...
   Collecting build traces ...

Route (app)                                 Size  First Load JS
Γöî Γùï /                                    5.45 kB         108 kB
Γö£ Γùï /_not-found                            993 B         103 kB
Γö£ Γùï /admin                                 309 B         103 kB
Γö£ ╞Æ /api/contact                           131 B         103 kB
Γö£ ╞Æ /api/properties                        131 B         103 kB
Γö£ ╞Æ /api/test-db                           131 B         103 kB
Γöö Γùï /properties                          1.19 kB         104 kB
+ First Load JS shared by all             102 kB
  Γö£ chunks/255-98a0bdaa30757bda.js       46.2 kB
  Γö£ chunks/4bd1b696-c023c6e3521b1417.js  54.2 kB
  Γöö other shared chunks (total)          2.02 kB


Γùï  (Static)   prerendered as static content
╞Æ  (Dynamic)  server-rendered on demand

